// Jest Snapshot v1, https://goo.gl/fbAQLP

exports[`should render 'which artist is more famous?' game 1`] = `
<GameArtists>
  <div
    className="container"
  >
    <div>
      <h3
        className="title"
      >
         Qual artista Ã© mais famoso? 
      </h3>
    </div>
    <div
      className="inRow"
    >
      <button
        className="btn"
        onClick={[Function]}
      >
         
      </button>
      <div
        className="txt"
      >
         
        <AiOutlineClose
          size={50}
        >
          <IconBase
            attr={
              Object {
                "viewBox": "0 0 1024 1024",
              }
            }
            size={50}
          >
            <svg
              fill="currentColor"
              height={50}
              size={50}
              stroke="currentColor"
              strokeWidth="0"
              style={
                Object {
                  "color": undefined,
                }
              }
              viewBox="0 0 1024 1024"
              width={50}
              xmlns="http://www.w3.org/2000/svg"
            >
              <path
                d="M563.8 512l262.5-312.9c4.4-5.2.7-13.1-6.1-13.1h-79.8c-4.7 0-9.2 2.1-12.3 5.7L511.6 449.8 295.1 191.7c-3-3.6-7.5-5.7-12.3-5.7H203c-6.8 0-10.5 7.9-6.1 13.1L459.4 512 196.9 824.9A7.95 7.95 0 0 0 203 838h79.8c4.7 0 9.2-2.1 12.3-5.7l216.5-258.1 216.5 258.1c3 3.6 7.5 5.7 12.3 5.7h79.8c6.8 0 10.5-7.9 6.1-13.1L563.8 512z"
                key="0"
              />
            </svg>
          </IconBase>
        </AiOutlineClose>
         
      </div>
      <button
        className="btn"
        onClick={[Function]}
      >
         
      </button>
    </div>
    <div
      className="Results"
    />
  </div>
</GameArtists>
`;
