// Jest Snapshot v1, https://goo.gl/fbAQLP

exports[`should appear the name of the correct album 1`] = `
<h1
  className="titulos"
>
  Carregando
</h1>
`;
