// Jest Snapshot v1, https://goo.gl/fbAQLP

exports[`should render the playlists  1`] = `
<MyPlaylist>
  <div>
    <h4>
      Escolha sua playlist
    </h4>
    <div>
       Carregando
    </div>
  </div>
</MyPlaylist>
`;
